// Jest Snapshot v1, https://goo.gl/fbAQLP

exports[`renders correctly 1`] = `
<form
  className="my-7 flex justify-center font-primary"
>
  <label
    className="flex w-[80%] flex-col items-start justify-center md:w-[60%] xl:w-[40%]"
  >
    <span
      className="mb-3 pl-3 text-lg font-semibold tracking-wider text-fontColor"
    />
    <select
      className="w-full rounded-lg border-0 text-[#797979] shadow-lg focus:text-fontColor"
      onChange={[Function]}
      title={null}
      value=""
    />
  </label>
</form>
`;
