// Jest Snapshot v1, https://goo.gl/fbAQLP

exports[`renders correctly 1`] = `
<div
  className="flex justify-center font-primary"
>
  <button
    className={null}
  />
</div>
`;
